[cmwapps.com/index.html]
[backblue.gif]
[fade.gif]
[index.html]
[cmwapps.com/css/framework7.ios.min.css]
[cmwapps.com/css/framework7.ios.colors.min.css]
[cmwapps.com/css/appvalley.css]
[cmwapps.com/logo.jpg]
[cmwapps.com/ten.png]
[cmwapps.com/itweakvip/OGInject/t1.html]
[cmwapps.com/itweakvip/OGInject/t3.html]
[cmwapps.com/crab.jpg]
[cmwapps.com/itweakvip/OGInject/crab.html]
[cmwapps.com/mt.png]
[cmwapps.com/itweakvip/OGInject/mt.html]
[cmwapps.com/rpc.png]
[cmwapps.com/itweakvip/OGInject/gta5.html]
[cmwapps.com/apex.png]
[cmwapps.com/itweakvip/OGInject/apex.html]
[cmwapps.com/itweakvip/OGInject/apexios.html]
[cmwapps.com/s1.jpg]
[cmwapps.com/itweakvip/OGInject/s1.html]
[cmwapps.com/s2.png]
[cmwapps.com/itweakvip/OGInject/s2.html]
[cmwapps.com/s3.png]
[cmwapps.com/itweakvip/OGInject/s3.html]
[cmwapps.com/s4.png]
[cmwapps.com/itweakvip/OGInject/s4.html]
[cmwapps.com/s5.png]
[cmwapps.com/itweakvip/OGInject/s5.html]
[cmwapps.com/tgold.png]
[cmwapps.com/itweakvip/OGInject/tgold.html]
[cmwapps.com/Z9jSofA.png]
[cmwapps.com/itweakvip/OGInject/minecraft.html]
[cmwapps.com/zB1nibO.png]
[cmwapps.com/itweakvip/OGInject/tutu.html]
[i.imgur.com/m1Bbkmb.png]
[i.imgur.com/6NOyX8E.png]
[cmwapps.com/itweakvip/OGInject/showbox.html]
[i.imgur.com/QVbHAbD.jpg]
[cmwapps.com/itweakvip/OGInject/movie.html]
[cmwapps.com/cL99GHG.png]
[cmwapps.com/itweakvip/OGInject/netflix.html]
[cmwapps.com/Rghp20K.png]
[cmwapps.com/itweakvip/OGInject/disney.html]
[i.imgur.com/AKOX94X.png]
[cmwapps.com/itweakvip/OGInject/spotify.html]
[i.imgur.com/JVi5bF4.png]
[cmwapps.com/itweakvip/OGInject/gforms.html]
[i.imgur.com/qIPObrm.jpg]
[cmwapps.com/itweakvip/OGInject/fg.html]
[i.imgur.com/qBfRjpy.png]
[cmwapps.com/itweakvip/OGInject/gc.html]
[i.imgur.com/XMfFniw.png]
[cmwapps.com/itweakvip/OGInject/of.html]
[i.imgur.com/9DBcBNH.png]
[cmwapps.com/itweakvip/OGInject/ac.html]
[i.imgur.com/v99Dypu.png]
[cmwapps.com/itweakvip/OGInject/snap.html]
[i.imgur.com/pZUsSaL.png]
[cmwapps.com/itweakvip/OGInject/aptoide.html]
[i.imgur.com/C0VABJG.png]
[cmwapps.com/itweakvip/OGInject/arcade.html]
[i.imgur.com/YmiEcug.png]
[cmwapps.com/itweakvip/OGInject/procreate.html]
[i.imgur.com/GOnHbSQ.png]
[cmwapps.com/itweakvip/OGInject/psp.html]
[i.imgur.com/3OdEGmX.png]
[cmwapps.com/itweakvip/OGInject/yubo.html]
[cmwapps.com/BcSifsY.png]
[cmwapps.com/itweakvip/OGInject/appstore.html]
[i.imgur.com/7s1tpFz.png]
[cmwapps.com/itweakvip/OGInject/tik.html]
[cmwapps.com/xjP9Zql.png]
[cmwapps.com/itweakvip/OGInject/videostar.html]
[i.imgur.com/6oqvvqr.jpg]
[cmwapps.com/itweakvip/OGInject/cod.html]
[i.imgur.com/25Vh8Np.png]
[cmwapps.com/itweakvip/OGInject/garena.html]
[i.imgur.com/rUp52do.png]
[cmwapps.com/itweakvip/OGInject/gra.html]
[i.imgur.com/APuORzK.png]
[cmwapps.com/itweakvip/OGInject/nba.html]
[i.imgur.com/xLVuV0X.png]
[cmwapps.com/itweakvip/OGInject/nba2.html]
[i.imgur.com/OOLDzI7.png]
[cmwapps.com/itweakvip/OGInject/lucky.html]
[i.imgur.com/0j4bCP0.png]
[cmwapps.com/itweakvip/OGInject/gameguardian.html]
[i.imgur.com/4hmPiOd.png]
[cmwapps.com/itweakvip/OGInject/happy.html]
[cmwapps.com/2.png]
[cmwapps.com/amongIndexAndroid.html]
[cmwapps.com/1.png]
[cmwapps.com/index.html]
[cmwapps.com/amongIndexiOS.html]
[cmwapps.com/css/framework7.ios.min.css]
[cmwapps.com/css/framework7.ios.colors.min.css]
[cmwapps.com/css/appvalley.css]
[cmwapps.com/img/i-f7-ios.html]
[cmwapps.com/itweakvip/OGInject/favicon.ico]
[cmwapps.com/maxcdn.bootstrapcdn.com/font-awesome/4.7.0/css/font-awesome.min.css]
[cmwapps.com/netdna.bootstrapcdn.com/bootstrap/3.0.0/css/bootstrap-glyphicons.css]
[cmwapps.com/itweakvip/OGInject/build/panel/app.css]
[cmwapps.com/itweakvip/OGInject/css/app.css]
[cmwapps.com/itweakvip/OGInject/css/framework7.css]
[cmwapps.com/ajax.googleapis.com/ajax/libs/jquery/3.3.1/jquery.min.js]
[cmwapps.com/itweakvip/OGInject/ten.png]
[cmwapps.com/itweakvip/OGInject/t1.html]
[cmwapps.com/itweakvip/OGInject/t3.html]
[cmwapps.com/itweakvip/OGInject/crab.jpg]
[cmwapps.com/itweakvip/OGInject/crab.html]
[cmwapps.com/itweakvip/OGInject/mt.png]
[cmwapps.com/itweakvip/OGInject/mt.html]
[cmwapps.com/itweakvip/OGInject/rpc.png]
[cmwapps.com/itweakvip/OGInject/gta5.html]
[cmwapps.com/itweakvip/OGInject/apex.png]
[cmwapps.com/itweakvip/OGInject/apex.html]
[cmwapps.com/itweakvip/OGInject/apexios.html]
[cmwapps.com/itweakvip/OGInject/s1.jpg]
[upload.wikimedia.org/wikipedia/en/thumb/a/a3/Spider-Man_Miles_Morales.jpeg/235px-Spider-Man_Miles_Morales.jpg]
[cmwapps.com/itweakvip/OGInject/s1.html]
[cmwapps.com/itweakvip/OGInject/s2.png]
[upload.wikimedia.org/wikipedia/en/thumb/f/f8/ACValhalla.jpg/220px-ACValhalla.jpg]
[cmwapps.com/itweakvip/OGInject/s2.html]
[cmwapps.com/itweakvip/OGInject/s3.png]
[cmwapps.com/itweakvip/OGInject/s3.html]
[upload.wikimedia.org/wikipedia/en/thumb/b/bb/FIFA_21_Standard_Edition_Cover.jpg/220px-FIFA_21_Standard_Edition_Cover.jpg]
[cmwapps.com/itweakvip/OGInject/s4.png]
[upload.wikimedia.org/wikipedia/commons/thumb/0/0e/FortniteLogo.svg/250px-FortniteLogo.svg.png]
[cmwapps.com/itweakvip/OGInject/s4.html]
[cmwapps.com/itweakvip/OGInject/s5.png]
[coolrom.com/article_images/gba4ios.jpg]
[cmwapps.com/itweakvip/OGInject/s5.html]
[cmwapps.com/itweakvip/OGInject/tgold.png]
[cmwapps.com/itweakvip/OGInject/tgold.html]
[i.imgur.com/nwoxdnB.png]
[cmwapps.com/itweakvip/OGInject/minecraft.html]
[i.imgur.com/El0RefT.png]
[cmwapps.com/itweakvip/OGInject/tutu.html]
[cmwapps.com/itweakvip/OGInject/showbox.html]
[cmwapps.com/itweakvip/OGInject/movie.html]
[i.imgur.com/5QMRWKo.png]
[cmwapps.com/itweakvip/OGInject/netflix.html]
[i.imgur.com/ObTATqQ.png]
[cmwapps.com/itweakvip/OGInject/disney.html]
[cmwapps.com/itweakvip/OGInject/spotify.html]
[cmwapps.com/itweakvip/OGInject/gforms.html]
[cmwapps.com/itweakvip/OGInject/fg.html]
[cmwapps.com/itweakvip/OGInject/gc.html]
[cmwapps.com/itweakvip/OGInject/of.html]
[cmwapps.com/itweakvip/OGInject/ac.html]
[cmwapps.com/itweakvip/OGInject/snap.html]
[cmwapps.com/itweakvip/OGInject/aptoide.html]
[cmwapps.com/itweakvip/OGInject/arcade.html]
[cmwapps.com/itweakvip/OGInject/procreate.html]
[cmwapps.com/itweakvip/OGInject/psp.html]
[cmwapps.com/itweakvip/OGInject/yubo.html]
[i.imgur.com/lRm1DOY.png]
[cmwapps.com/itweakvip/OGInject/appstore.html]
[cmwapps.com/itweakvip/OGInject/tik.html]
[i.imgur.com/pnWjScu.png]
[cmwapps.com/itweakvip/OGInject/videostar.html]
[cmwapps.com/itweakvip/OGInject/cod.html]
[cmwapps.com/itweakvip/OGInject/garena.html]
[i.imgur.com/xPimlOX.png]
[cmwapps.com/itweakvip/OGInject/gra.html]
[cmwapps.com/itweakvip/OGInject/nba.html]
[cmwapps.com/itweakvip/OGInject/nba2.html]
[cmwapps.com/itweakvip/OGInject/lucky.html]
[cmwapps.com/itweakvip/OGInject/gameguardian.html]
[cmwapps.com/itweakvip/OGInject/happy.html]
[cmwapps.com/itweakvip/OGInject/a1.html]
[cmwapps.com/itweakvip/OGInject/a2.html]
[cmwapps.com/3.png]
[cmwapps.com/itweakvip/OGInject/a3.html]
[cmwapps.com/4.png]
[cmwapps.com/itweakvip/OGInject/a4.html]
[cmwapps.com/5.png]
[cmwapps.com/itweakvip/OGInject/a5.html]
[cmwapps.com/6.png]
[cmwapps.com/amongIndexAndroid.html]
[cmwapps.com/itweakvip/OGInject/a6.html]
[cmwapps.com/itweakvip/OGInject/1.html]
[cmwapps.com/itweakvip/OGInject/2.html]
[cmwapps.com/itweakvip/OGInject/3.html]
[cmwapps.com/itweakvip/OGInject/4.html]
[cmwapps.com/itweakvip/OGInject/5.html]
[cmwapps.com/amongIndexiOS.html]
[cmwapps.com/img/i-f7-ios.html]
[cmwapps.com/maxcdn.bootstrapcdn.com/font-awesome/4.7.0/css/font-awesome.min.css]
[cmwapps.com/netdna.bootstrapcdn.com/bootstrap/3.0.0/css/bootstrap-glyphicons.css]
[cmwapps.com/itweakvip/OGInject/build/panel/app.css]
[cmwapps.com/itweakvip/OGInject/css/app.css]
[cmwapps.com/itweakvip/OGInject/6.html]
[cmwapps.com/itweakvip/OGInject/css/framework7.css]
[cmwapps.com/itweakvip/OGInject/1.png]
[cmwapps.com/itweakvip/OGInject/a1.html]
[cmwapps.com/itweakvip/OGInject/2.png]
[cmwapps.com/itweakvip/OGInject/a2.html]
[cmwapps.com/itweakvip/OGInject/3.png]
[cmwapps.com/itweakvip/OGInject/a3.html]
[cmwapps.com/itweakvip/OGInject/4.png]
[cmwapps.com/itweakvip/OGInject/a4.html]
[cmwapps.com/itweakvip/OGInject/5.png]
[cmwapps.com/itweakvip/OGInject/a5.html]
[cmwapps.com/itweakvip/OGInject/6.png]
[cmwapps.com/itweakvip/OGInject/a6.html]
[cmwapps.com/itweakvip/OGInject/1.html]
[cmwapps.com/itweakvip/OGInject/2.html]
[cmwapps.com/itweakvip/OGInject/3.html]
[cmwapps.com/itweakvip/OGInject/4.html]
[cmwapps.com/itweakvip/OGInject/5.html]
[cmwapps.com/itweakvip/OGInject/6.html]
